Microchip MPLAB XC8 Compiler V1.44 ()

Linker command line:

-W-3 --edf=C:\Program Files (x86)\Microchip\xc8\v1.44\dat\en_msgs.txt -cs \
  -h+dist/default/production\MELONPAN1_ver1.20.production.sym \
  --cmf=dist/default/production\MELONPAN1_ver1.20.production.cmf -z \
  -Q18F67K40 -oC:\Users\ihsot\AppData\Local\Temp\s44.2 \
  -Mdist/default/production/MELONPAN1_ver1.20.production.map -E1 -ver=XC8 \
  -ASTACK=071h-0de9h -pstack=STACK -ACODE=00h-01FFFFh -ACONST=00h-01FFFFh \
  -ASMALLCONST=0E00h-0EFFhx498 -AMEDIUMCONST=0E00h-0FFFFh,010E00h-01FFFFh \
  -ACOMRAM=01h-05Fh -AABS1=00h-0DE9h -ABIGRAM=01h-0DE9h \
  -ARAM=060h-0FFh,0100h-01FFhx12,0D00h-0DE9h -ABANK0=060h-0FFh \
  -ABANK1=0100h-01FFh -ABANK2=0200h-02FFh -ABANK3=0300h-03FFh \
  -ABANK4=0400h-04FFh -ABANK5=0500h-05FFh -ABANK6=0600h-06FFh \
  -ABANK7=0700h-07FFh -ABANK8=0800h-08FFh -ABANK9=0900h-09FFh \
  -ABANK10=0A00h-0AFFh -ABANK11=0B00h-0BFFh -ABANK12=0C00h-0CFFh \
  -ABANK13=0D00h-0DE9h \
  -ASFR=0DEFh-0DFFh,0E00h-0EFFh,0F00h-0F5Fh,0F60h-0FFFh \
  -preset_vec=00h,intcode=08h,intcodelo,powerup,init -pramtop=0E00h \
  -psmallconst=SMALLCONST -pmediumconst=MEDIUMCONST -pconst=CONST \
  -AFARRAM=00h-00h -ACONFIG=0300000h-030000Bh -pconfig=CONFIG \
  -AIDLOC=0200000h-020000Fh -pidloc=IDLOC -AEEDATA=0310000h-03103FFh \
  -peeprom_data=EEDATA \
  -prdata=COMRAM,nvrram=COMRAM,nvbit=COMRAM,rbss=COMRAM,rbit=COMRAM \
  -pfarbss=FARRAM,fardata=FARRAM,nvFARRAM=FARRAM \
  -pintsave_regs=BIGRAM,bigbss=BIGRAM,bigdata=BIGRAM -pbss=RAM \
  -pidata=CODE,irdata=CODE,ibigdata=CODE,ifardata=CODE -prparam=COMRAM \
  C:\Users\ihsot\AppData\Local\Temp\s44.obj \
  dist/default/production\MELONPAN1_ver1.20.production.obj 

Object code version is 3.11

Machine type is 18F67K40

Call graph: (short form)




                Name                               Link     Load   Length Selector   Space Scale
C:\Users\ihsot\AppData\Local\Temp\s44.obj
                init                                 D4       D4        4        4       0
                reset_vec                             0        0        4        0       0
                idloc                            200000   200000       10   200000       0
                config                           300000   300000        C   300000       0
dist/default/production\MELONPAN1_ver1.20.production.obj
                intcode                               8        8       CC        4       0
                temp                                 4F       4F        1        1       1
                text28                              918      918        A        4       0
                text27                              55C      55C       7C        4       0
                text26                              90E      90E        A        4       0
                text25                              904      904        A        4       0
                text23                              8F8      8F8        C        4       0
                text22                              8BE      8BE       12        4       0
                text21                              2F4      2F4       F8        4       0
                text20                              922      922        6        4       0
                text19                              652      652       64        4       0
                text18                              7B8      7B8       30        4       0
                text17                              6B6      6B6       48        4       0
                text16                              4D8      4D8       84        4       0
                text15                              8AC      8AC       12        4       0
                text14                              886      886       26        4       0
                text13                              860      860       26        4       0
                text12                              83A      83A       26        4       0
                text11                              814      814       26        4       0
                text10                               D8       D8      11E        4       0
                text9                               92C      92C        2        4       0
                text8                               1F6      1F6       FE        4       0
                text7                               5D8      5D8       7A        4       0
                text6                               8EC      8EC        C        4       0
                text5                               8DE      8DE        E        4       0
                text4                               3EC      3EC       EC        4       0
                text3                               6FE      6FE       44        4       0
                text2                               8D0      8D0        E        4       0
                text1                               7E8      7E8       2C        4       0
                text0                               784      784       34        4       0
                cstackCOMRAM                         37       37       14        1       1
                cstackBANK0                          6A       6A        7       60       1
                bssBANK0                             60       60        A       60       1
                dataCOMRAM                           4B       4B        4        1       1
                bssCOMRAM                             1        1       36        1       1
                cinit                               742      742       42        4       0
                idataCOMRAM                         928      928        4        4       0

TOTAL           Name                               Link     Load   Length     Space
        CLASS   STACK          

        CLASS   CODE           
                intcode                               8        8       CC         0
                init                                 D4       D4        4         0
                reset_vec                             0        0        4         0
                text28                              918      918        A         0
                text27                              55C      55C       7C         0
                text26                              90E      90E        A         0
                text25                              904      904        A         0
                text23                              8F8      8F8        C         0
                text22                              8BE      8BE       12         0
                text21                              2F4      2F4       F8         0
                text20                              922      922        6         0
                text19                              652      652       64         0
                text18                              7B8      7B8       30         0
                text17                              6B6      6B6       48         0
                text16                              4D8      4D8       84         0
                text15                              8AC      8AC       12         0
                text14                              886      886       26         0
                text13                              860      860       26         0
                text12                              83A      83A       26         0
                text11                              814      814       26         0
                text10                               D8       D8      11E         0
                text9                               92C      92C        2         0
                text8                               1F6      1F6       FE         0
                text7                               5D8      5D8       7A         0
                text6                               8EC      8EC        C         0
                text5                               8DE      8DE        E         0
                text4                               3EC      3EC       EC         0
                text3                               6FE      6FE       44         0
                text2                               8D0      8D0        E         0
                text1                               7E8      7E8       2C         0
                text0                               784      784       34         0
                cinit                               742      742       42         0
                idataCOMRAM                         928      928        4         0

        CLASS   CONST          

        CLASS   SMALLCONST     

        CLASS   MEDIUMCONST    

        CLASS   COMRAM         
                temp                                 4F       4F        1         1
                cstackCOMRAM                         37       37       14         1
                dataCOMRAM                           4B       4B        4         1
                bssCOMRAM                             1        1       36         1

        CLASS   ABS1           

        CLASS   BIGRAM         

        CLASS   RAM            

        CLASS   BANK0          
                cstackBANK0                          6A       6A        7         1
                bssBANK0                             60       60        A         1

        CLASS   BANK1          

        CLASS   BANK2          

        CLASS   BANK3          

        CLASS   BANK4          

        CLASS   BANK5          

        CLASS   BANK6          

        CLASS   BANK7          

        CLASS   BANK8          

        CLASS   BANK9          

        CLASS   BANK10         

        CLASS   BANK11         

        CLASS   BANK12         

        CLASS   BANK13         

        CLASS   SFR            

        CLASS   FARRAM         

        CLASS   CONFIG         
                config                           300000   300000        C         0

        CLASS   IDLOC          
                idloc                            200000   200000       10         0

        CLASS   EEDATA         



SEGMENTS        Name                           Load    Length   Top    Selector   Space  Class

                reset_vec                      000000  000004  000004         0       0  CODE    
                bssCOMRAM                      000001  00004F  000050         1       1  COMRAM  
                intcode                        000008  000926  00092E         4       0  CODE    
                bssBANK0                       000060  000011  000071        60       1  BANK0   
                idloc                          200000  000010  200010    200000       0  IDLOC   
                config                         300000  00000C  30000C    300000       0  CONFIG  


UNUSED ADDRESS RANGES

        Name                Unused          Largest block    Delta
        BANK0            000071-0000FF               8F
        BANK1            000100-0001FF              100
        BANK10           000A00-000AFF              100
        BANK11           000B00-000BFF              100
        BANK12           000C00-000CFF              100
        BANK13           000D00-000DE9               EA
        BANK2            000200-0002FF              100
        BANK3            000300-0003FF              100
        BANK4            000400-0004FF              100
        BANK5            000500-0005FF              100
        BANK6            000600-0006FF              100
        BANK7            000700-0007FF              100
        BANK8            000800-0008FF              100
        BANK9            000900-0009FF              100
        BIGRAM           000050-00005F               10
                         000071-000DE9              D79
        CODE             000004-000007                4
                         00092E-01FFFF            1F6D2
        COMRAM           000050-00005F               10
        CONST            000004-000007                4
                         00092E-01FFFF            1F6D2
        EEDATA           310000-3103FF              400
        MEDIUMCONST      000E00-00FFFF             F200
                         010E00-01FFFF             F200
        RAM              000071-000DE9              100
        SFR              000DEF-000FFF              100
        SMALLCONST       000E00-01FFFF              100
        STACK            000071-000DE9              D79

                                  Symbol Table

?_DS_LEFT_UD_signed_VALUE                  cstackBANK0  00006A
CSV_timer_task@CSV_lib_count               bssCOMRAM    000025
SPI_begin@data                             cstackBANK0  00006A
SPI_transfer@send_data                     cstackBANK0  00006A
Serial1_begin@data                         cstackBANK0  00006C
Serial1_begin@speed                        cstackBANK0  00006A
TIMER0_16bit_set_count@data                cstackBANK0  00006A
TIMER0_setup@data                          cstackBANK0  00006A
TIMER1_set_count@data                      cstackBANK0  00006A
TIMER1_setup@data                          cstackBANK0  00006A
_ADACQ                                     (abs)        000F5C
_ADCLK                                     (abs)        000F57
_ADCON0                                    (abs)        000F60
_ADCON0bits                                (abs)        000F60
_ADCON1                                    (abs)        000F59
_ADCON2                                    (abs)        000F5A
_ADCON3                                    (abs)        000F5B
_ADPCH                                     (abs)        000F5F
_ADPRE                                     (abs)        000F5E
_ADREF                                     (abs)        000F58
_ADRESH                                    (abs)        000F64
_ADRESL                                    (abs)        000F63
_ANSELA                                    (abs)        000E92
_ANSELB                                    (abs)        000E9A
_ANSELD                                    (abs)        000EA7
_ANSELE                                    (abs)        000EAF
_ANSELF                                    (abs)        000EB4
_ANSELG                                    (abs)        000EBC
_BAD_de_gozaru                             text20       000922
_BAUD1CON                                  (abs)        000F9E
_BAUD2CON                                  (abs)        000EF7
_BAUD3CON                                  (abs)        000EF0
_BAUD4CON                                  (abs)        000EE9
_BAUD5CON                                  (abs)        000EE2
_CSV_lib_cycle_time                        bssCOMRAM    00002B
_CSV_lib_enable                            bssCOMRAM    000031
_CSV_lib_now_time                          bssCOMRAM    000029
_CSV_lib_transmit_flag                     bssCOMRAM    000027
_DS_LEFT_UD_signed_VALUE                   text19       000652
_DS_communication_error_time               bssCOMRAM    00002D
_DS_data                                   bssCOMRAM    000001
_DS_read_stop                              bssCOMRAM    000035
_DS_time_out                               dataCOMRAM   00004E
_DS_uart_number                            bssCOMRAM    000036
_GOOD_de_gozaru                            text10       0000D8
_INTCONbits                                (abs)        000FF2
_LATA                                      (abs)        000F79
_LATAbits                                  (abs)        000F79
_LATB                                      (abs)        000F7A
_LATC                                      (abs)        000F7B
_LATD                                      (abs)        000F7C
_LATDbits                                  (abs)        000F7C
_LATE                                      (abs)        000F7D
_LATEbits                                  (abs)        000F7D
_LATF                                      (abs)        000F7E
_LATG                                      (abs)        000F7F
_LATGbits                                  (abs)        000F7F
_LATH                                      (abs)        000F80
_LATHbits                                  (abs)        000F80
_ODCONA                                    (abs)        000E90
_ODCONB                                    (abs)        000E98
_ODCONC                                    (abs)        000EA0
_ODCOND                                    (abs)        000EA5
_ODCONE                                    (abs)        000EAD
_ODCONF                                    (abs)        000EB2
_ODCONG                                    (abs)        000EBA
_ODCONH                                    (abs)        000EBF
_PIE0bits                                  (abs)        000E29
_PIE3bits                                  (abs)        000E2C
_PIE4bits                                  (abs)        000E2D
_PIE5bits                                  (abs)        000E2E
_PIR0bits                                  (abs)        000E33
_PIR3bits                                  (abs)        000E36
_PIR4bits                                  (abs)        000E37
_PIR5bits                                  (abs)        000E38
_RB0PPS                                    (abs)        000E5A
_RB1PPS                                    (abs)        000E5B
_RC0PPS                                    (abs)        000E62
_RC1REG                                    (abs)        000F98
_RC1STA                                    (abs)        000F9C
_RC2REG                                    (abs)        000EF1
_RC2STA                                    (abs)        000EF5
_RC3REG                                    (abs)        000EEA
_RC3STA                                    (abs)        000EEE
_RC4REG                                    (abs)        000EE3
_RC4STA                                    (abs)        000EE7
_RC5REG                                    (abs)        000EDC
_RC5STA                                    (abs)        000EE0
_RC6PPS                                    (abs)        000E68
_RD4PPS                                    (abs)        000E6E
_RD6PPS                                    (abs)        000E70
_RX1PPSbits                                (abs)        000E0F
_RX2PPSbits                                (abs)        000E11
_SP1BRGH                                   (abs)        000F9B
_SP1BRGL                                   (abs)        000F9A
_SP2BRGH                                   (abs)        000EF4
_SP2BRGL                                   (abs)        000EF3
_SP3BRGH                                   (abs)        000EED
_SP3BRGL                                   (abs)        000EEC
_SP4BRGH                                   (abs)        000EE6
_SP4BRGL                                   (abs)        000EE5
_SP5BRGH                                   (abs)        000EDF
_SP5BRGL                                   (abs)        000EDE
_SPI_begin                                 text2        0008D0
_SPI_transfer                              text15       0008AC
_SSP1BUF                                   (abs)        000F91
_SSP1CLKPPSbits                            (abs)        000E19
_SSP1CON1                                  (abs)        000F95
_SSP1CON1bits                              (abs)        000F95
_SSP1DATPPSbits                            (abs)        000E1A
_SSP1STAT                                  (abs)        000F94
_SSP1STATbits                              (abs)        000F94
_SSP2ADD                                   (abs)        000ED6
_SSP2BUF                                   (abs)        000ED5
_SSP2CLKPPSbits                            (abs)        000E1C
_SSP2CON1                                  (abs)        000ED9
_SSP2CON2bits                              (abs)        000EDA
_SSP2CON3                                  (abs)        000EDB
_SSP2DATPPSbits                            (abs)        000E1D
_SSP2STAT                                  (abs)        000ED8
_SSP2STATbits                              (abs)        000ED8
_Serial1_begin                             text7        0005D8
_Serial1_read                              text28       000918
_T0CON0                                    (abs)        000FD5
_T0CON1                                    (abs)        000FD6
_T1CON                                     (abs)        000FCF
_T1CONbits                                 (abs)        000FCF
_T1GCON                                    (abs)        000FD0
_T2CLKCON                                  (abs)        000FBF
_T2CON                                     (abs)        000FBD
_T2CONbits                                 (abs)        000FBD
_T2HLT                                     (abs)        000FBE
_T2PR                                      (abs)        000FBC
_T2RST                                     (abs)        000FC0
_T3CON                                     (abs)        000FC9
_T3CONbits                                 (abs)        000FC9
_T3GCON                                    (abs)        000FCA
_T4CLKCON                                  (abs)        000FB9
_T4CON                                     (abs)        000FB7
_T4CONbits                                 (abs)        000FB7
_T4HLT                                     (abs)        000FB8
_T4PR                                      (abs)        000FB6
_T4RST                                     (abs)        000FBA
_T5CON                                     (abs)        000FC3
_T5CONbits                                 (abs)        000FC3
_T5GCON                                    (abs)        000FC4
_T6CLKCON                                  (abs)        000FB3
_T6CON                                     (abs)        000FB1
_T6CONbits                                 (abs)        000FB1
_T6HLT                                     (abs)        000FB2
_T6PR                                      (abs)        000FB0
_T6RST                                     (abs)        000FB4
_T7CON                                     (abs)        000F30
_T7CONbits                                 (abs)        000F30
_T7GCON                                    (abs)        000F31
_T8CLKCON                                  (abs)        000F2C
_T8CON                                     (abs)        000F2A
_T8CONbits                                 (abs)        000F2A
_T8HLT                                     (abs)        000F2B
_T8PR                                      (abs)        000F29
_T8RST                                     (abs)        000F2D
_TIMER0_16bit_set_count                    text6        0008EC
_TIMER0_setup                              text5        0008DE
_TIMER1_set_count                          text23       0008F8
_TIMER1_setup                              text22       0008BE
_TMR0H                                     (abs)        000FD4
_TMR0L                                     (abs)        000FD3
_TMR1CLK                                   (abs)        000FD2
_TMR1H                                     (abs)        000FCE
_TMR1L                                     (abs)        000FCD
_TMR2                                      (abs)        000FBB
_TMR3CLK                                   (abs)        000FCC
_TMR3H                                     (abs)        000FC8
_TMR3L                                     (abs)        000FC7
_TMR4                                      (abs)        000FB5
_TMR5CLK                                   (abs)        000FC6
_TMR5H                                     (abs)        000FC2
_TMR5L                                     (abs)        000FC1
_TMR6                                      (abs)        000FAF
_TMR7CLK                                   (abs)        000F33
_TMR7H                                     (abs)        000F2F
_TMR7L                                     (abs)        000F2E
_TMR8                                      (abs)        000F28
_TRISA                                     (abs)        000F81
_TRISB                                     (abs)        000F82
_TRISC                                     (abs)        000F83
_TRISD                                     (abs)        000F84
_TRISE                                     (abs)        000F85
_TRISF                                     (abs)        000F86
_TRISG                                     (abs)        000F87
_TRISH                                     (abs)        000F88
_TX1REG                                    (abs)        000F99
_TX1STA                                    (abs)        000F9D
_TX1STAbits                                (abs)        000F9D
_TX2REG                                    (abs)        000EF2
_TX2STA                                    (abs)        000EF6
_TX2STAbits                                (abs)        000EF6
_TX3REG                                    (abs)        000EEB
_TX3STA                                    (abs)        000EEF
_TX3STAbits                                (abs)        000EEF
_TX4REG                                    (abs)        000EE4
_TX4STA                                    (abs)        000EE8
_TX4STAbits                                (abs)        000EE8
_TX5REG                                    (abs)        000EDD
_TX5STA                                    (abs)        000EE1
_TX5STAbits                                (abs)        000EE1
_WPUA                                      (abs)        000E91
_WPUB                                      (abs)        000E99
_WPUC                                      (abs)        000EA1
_WPUD                                      (abs)        000EA6
_WPUE                                      (abs)        000EAE
_WPUF                                      (abs)        000EB3
_WPUG                                      (abs)        000EBB
_WPUH                                      (abs)        000EC0
__CFG_BOREN$ON                             (abs)        000000
__CFG_BORV$VBOR_2P45                       (abs)        000000
__CFG_CLKOUTEN$OFF                         (abs)        000000
__CFG_CP$OFF                               (abs)        000000
__CFG_CPD$OFF                              (abs)        000000
__CFG_CSWEN$ON                             (abs)        000000
__CFG_DEBUG$OFF                            (abs)        000000
__CFG_EBTR0$OFF                            (abs)        000000
__CFG_EBTR1$OFF                            (abs)        000000
__CFG_EBTR2$OFF                            (abs)        000000
__CFG_EBTR3$OFF                            (abs)        000000
__CFG_EBTR4$OFF                            (abs)        000000
__CFG_EBTR5$OFF                            (abs)        000000
__CFG_EBTR6$OFF                            (abs)        000000
__CFG_EBTR7$OFF                            (abs)        000000
__CFG_EBTRB$OFF                            (abs)        000000
__CFG_FCMEN$OFF                            (abs)        000000
__CFG_FEXTOSC$HS                           (abs)        000000
__CFG_LPBOREN$OFF                          (abs)        000000
__CFG_LVP$OFF                              (abs)        000000
__CFG_MCLRE$EXTMCLR                        (abs)        000000
__CFG_PPS1WAY$OFF                          (abs)        000000
__CFG_PWRTE$ON                             (abs)        000000
__CFG_RSTOSC$EXTOSC_4PLL                   (abs)        000000
__CFG_SCANE$ON                             (abs)        000000
__CFG_STVREN$ON                            (abs)        000000
__CFG_WDTCCS$SC                            (abs)        000000
__CFG_WDTCPS$WDTCPS_31                     (abs)        000000
__CFG_WDTCWS$WDTCWS_7                      (abs)        000000
__CFG_WDTE$OFF                             (abs)        000000
__CFG_WRT0$OFF                             (abs)        000000
__CFG_WRT1$OFF                             (abs)        000000
__CFG_WRT2$OFF                             (abs)        000000
__CFG_WRT3$OFF                             (abs)        000000
__CFG_WRT4$OFF                             (abs)        000000
__CFG_WRT5$OFF                             (abs)        000000
__CFG_WRT6$OFF                             (abs)        000000
__CFG_WRT7$OFF                             (abs)        000000
__CFG_WRTB$OFF                             (abs)        000000
__CFG_WRTC$OFF                             (abs)        000000
__CFG_WRTD$OFF                             (abs)        000000
__CFG_XINST$OFF                            (abs)        000000
__CFG_ZCD$OFF                              (abs)        000000
__HRAM                                     (abs)        000000
__Habs1                                    abs1         000000
__Hbank0                                   bank0        000000
__Hbank1                                   bank1        000000
__Hbank10                                  bank10       000000
__Hbank11                                  bank11       000000
__Hbank12                                  bank12       000000
__Hbank13                                  bank13       000000
__Hbank2                                   bank2        000000
__Hbank3                                   bank3        000000
__Hbank4                                   bank4        000000
__Hbank5                                   bank5        000000
__Hbank6                                   bank6        000000
__Hbank7                                   bank7        000000
__Hbank8                                   bank8        000000
__Hbank9                                   bank9        000000
__Hbigbss                                  bigbss       000000
__Hbigdata                                 bigdata      000000
__Hbigram                                  bigram       000000
__Hbss                                     bss          000000
__HbssBANK0                                bssBANK0     000000
__HbssCOMRAM                               bssCOMRAM    000000
__Hcinit                                   cinit        000000
__Hclrtext                                 clrtext      000000
__Hcomram                                  comram       000000
__Hconfig                                  config       30000C
__Hconst                                   const        000000
__HcstackBANK0                             cstackBANK0  000000
__HcstackCOMRAM                            cstackCOMRAM 000000
__Hdata                                    data         000000
__HdataCOMRAM                              dataCOMRAM   000000
__Heeprom_data                             eeprom_data  000000
__Hfarbss                                  farbss       000000
__Hfardata                                 fardata      000000
__Hibigdata                                ibigdata     000000
__Hidata                                   idata        000000
__HidataCOMRAM                             idataCOMRAM  000000
__Hidloc                                   idloc        200010
__Hifardata                                ifardata     000000
__Hinit                                    init         0000D8
__Hintcode                                 intcode      0000D4
__Hintcode_body                            intcode_body 000000
__Hintcodelo                               intcodelo    0000D4
__Hintentry                                intentry     000000
__Hintret                                  intret       000000
__Hintsave_regs                            intsave_regs 000000
__Hirdata                                  irdata       000000
__Hmediumconst                             mediumconst  000000
__HnvFARRAM                                nvFARRAM     000000
__Hnvbit                                   nvbit        000000
__Hnvrram                                  nvrram       000000
__Hparam                                   rparam       000000
__Hpowerup                                 powerup      0000D4
__Hram                                     ram          000000
__Hramtop                                  ramtop       000E00
__Hrbit                                    rbit         000000
__Hrbss                                    rbss         000000
__Hrdata                                   rdata        000000
__Hreset_vec                               reset_vec    000004
__Hrparam                                  rparam       000000
__Hsfr                                     sfr          000000
__Hsmallconst                              smallconst   000000
__Hspace_0                                 (abs)        30000C
__Hspace_1                                 (abs)        000071
__Hspace_2                                 (abs)        000000
__Hstack                                   stack        000000
__Hstruct                                  struct       000000
__Htemp                                    temp         000050
__Htext                                    text         000000
__Htext0                                   text0        000000
__Htext1                                   text1        000000
__Htext10                                  text10       000000
__Htext11                                  text11       000000
__Htext12                                  text12       000000
__Htext13                                  text13       000000
__Htext14                                  text14       000000
__Htext15                                  text15       000000
__Htext16                                  text16       000000
__Htext17                                  text17       000000
__Htext18                                  text18       000000
__Htext19                                  text19       000000
__Htext2                                   text2        000000
__Htext20                                  text20       000000
__Htext21                                  text21       000000
__Htext22                                  text22       000000
__Htext23                                  text23       000000
__Htext25                                  text25       000000
__Htext26                                  text26       000000
__Htext27                                  text27       000000
__Htext28                                  text28       000000
__Htext3                                   text3        000000
__Htext4                                   text4        000000
__Htext5                                   text5        000000
__Htext6                                   text6        000000
__Htext7                                   text7        000000
__Htext8                                   text8        000000
__Htext9                                   text9        000000
__LRAM                                     (abs)        000001
__Labs1                                    abs1         000000
__Lbank0                                   bank0        000000
__Lbank1                                   bank1        000000
__Lbank10                                  bank10       000000
__Lbank11                                  bank11       000000
__Lbank12                                  bank12       000000
__Lbank13                                  bank13       000000
__Lbank2                                   bank2        000000
__Lbank3                                   bank3        000000
__Lbank4                                   bank4        000000
__Lbank5                                   bank5        000000
__Lbank6                                   bank6        000000
__Lbank7                                   bank7        000000
__Lbank8                                   bank8        000000
__Lbank9                                   bank9        000000
__Lbigbss                                  bigbss       000000
__Lbigdata                                 bigdata      000000
__Lbigram                                  bigram       000000
__Lbss                                     bss          000000
__LbssBANK0                                bssBANK0     000000
__LbssCOMRAM                               bssCOMRAM    000000
__Lcinit                                   cinit        000000
__Lclrtext                                 clrtext      000000
__Lcomram                                  comram       000000
__Lconfig                                  config       300000
__Lconst                                   const        000000
__LcstackBANK0                             cstackBANK0  000000
__LcstackCOMRAM                            cstackCOMRAM 000000
__Ldata                                    data         000000
__LdataCOMRAM                              dataCOMRAM   000000
__Leeprom_data                             eeprom_data  000000
__Lfarbss                                  farbss       000000
__Lfardata                                 fardata      000000
__Libigdata                                ibigdata     000000
__Lidata                                   idata        000000
__LidataCOMRAM                             idataCOMRAM  000000
__Lidloc                                   idloc        200000
__Lifardata                                ifardata     000000
__Linit                                    init         0000D4
__Lintcode                                 intcode      000008
__Lintcode_body                            intcode_body 000000
__Lintcodelo                               intcodelo    0000D4
__Lintentry                                intentry     000000
__Lintret                                  intret       000000
__Lintsave_regs                            intsave_regs 000000
__Lirdata                                  irdata       000000
__Lmediumconst                             mediumconst  000000
__LnvFARRAM                                nvFARRAM     000000
__Lnvbit                                   nvbit        000000
__Lnvrram                                  nvrram       000000
__Lparam                                   rparam       000000
__Lpowerup                                 powerup      0000D4
__Lram                                     ram          000000
__Lramtop                                  ramtop       000E00
__Lrbit                                    rbit         000000
__Lrbss                                    rbss         000000
__Lrdata                                   rdata        000000
__Lreset_vec                               reset_vec    000000
__Lrparam                                  rparam       000000
__Lsfr                                     sfr          000000
__Lsmallconst                              smallconst   000000
__Lspace_0                                 (abs)        000000
__Lspace_1                                 (abs)        000000
__Lspace_2                                 (abs)        000000
__Lstack                                   stack        000000
__Lstruct                                  struct       000000
__Ltemp                                    temp         00004F
__Ltext                                    text         000000
__Ltext0                                   text0        000000
__Ltext1                                   text1        000000
__Ltext10                                  text10       000000
__Ltext11                                  text11       000000
__Ltext12                                  text12       000000
__Ltext13                                  text13       000000
__Ltext14                                  text14       000000
__Ltext15                                  text15       000000
__Ltext16                                  text16       000000
__Ltext17                                  text17       000000
__Ltext18                                  text18       000000
__Ltext19                                  text19       000000
__Ltext2                                   text2        000000
__Ltext20                                  text20       000000
__Ltext21                                  text21       000000
__Ltext22                                  text22       000000
__Ltext23                                  text23       000000
__Ltext25                                  text25       000000
__Ltext26                                  text26       000000
__Ltext27                                  text27       000000
__Ltext28                                  text28       000000
__Ltext3                                   text3        000000
__Ltext4                                   text4        000000
__Ltext5                                   text5        000000
__Ltext6                                   text6        000000
__Ltext7                                   text7        000000
__Ltext8                                   text8        000000
__Ltext9                                   text9        000000
__S0                                       (abs)        30000C
__S1                                       (abs)        000071
__S2                                       (abs)        000000
___inthi_sp                                stack        000000
___intlo_sp                                stack        000000
___param_bank                              (abs)        000000
___rparam_used                             (abs)        000001
___sp                                      stack        000000
__accesstop                                (abs)        000060
__activetblptr                             (abs)        000003
__end_of_BAD_de_gozaru                     text20       000928
__end_of_DS_LEFT_UD_signed_VALUE           text19       0006B6
__end_of_GOOD_de_gozaru                    text10       0001F6
__end_of_SPI_begin                         text2        0008DE
__end_of_SPI_transfer                      text15       0008BE
__end_of_Serial1_begin                     text7        000652
__end_of_Serial1_read                      text28       000922
__end_of_TIMER0_16bit_set_count            text6        0008F8
__end_of_TIMER0_setup                      text5        0008EC
__end_of_TIMER1_set_count                  text23       000904
__end_of_TIMER1_setup                      text22       0008D0
__end_of__initialization                   cinit        00077A
__end_of_always_de_gozaru                  text9        00092E
__end_of_bit_test                          text18       0007E8
__end_of_enable_interrupts                 text4        0004D8
__end_of_main                              text0        0007B8
__end_of_make_s_driver_ver1_send_data      text17       0006FE
__end_of_output_LED5                       text16       00055C
__end_of_pin_init                          text21       0003EC
__end_of_read_ds_dual_byte                 text27       0005D8
__end_of_read_ds_dual_de_gozaru            text8        0002F4
__end_of_read_ds_dual_init                 text3        000742
__end_of_s_driver1_set_value               text14       0008AC
__end_of_s_driver2_set_value               text13       000886
__end_of_s_driver3_set_value               text12       000860
__end_of_s_driver4_set_value               text11       00083A
__end_of_spi_init                          text1        000814
__end_of_wood_isr                          intcode      0000D4
__end_ofi2_TIMER0_16bit_set_count          text26       000918
__end_ofi2_TIMER1_set_count                text25       00090E
__initialization                           cinit        000742
__mediumconst                              mediumconst  000000
__pbssBANK0                                bssBANK0     000060
__pbssCOMRAM                               bssCOMRAM    000001
__pcinit                                   cinit        000742
__pcstackBANK0                             cstackBANK0  00006A
__pcstackCOMRAM                            cstackCOMRAM 000037
__pdataCOMRAM                              dataCOMRAM   00004B
__pidataCOMRAM                             idataCOMRAM  000928
__pintcode                                 intcode      000008
__ptext0                                   text0        000784
__ptext1                                   text1        0007E8
__ptext10                                  text10       0000D8
__ptext11                                  text11       000814
__ptext12                                  text12       00083A
__ptext13                                  text13       000860
__ptext14                                  text14       000886
__ptext15                                  text15       0008AC
__ptext16                                  text16       0004D8
__ptext17                                  text17       0006B6
__ptext18                                  text18       0007B8
__ptext19                                  text19       000652
__ptext2                                   text2        0008D0
__ptext20                                  text20       000922
__ptext21                                  text21       0002F4
__ptext22                                  text22       0008BE
__ptext23                                  text23       0008F8
__ptext25                                  text25       000904
__ptext26                                  text26       00090E
__ptext27                                  text27       00055C
__ptext28                                  text28       000918
__ptext3                                   text3        0006FE
__ptext4                                   text4        0003EC
__ptext5                                   text5        0008DE
__ptext6                                   text6        0008EC
__ptext7                                   text7        0005D8
__ptext8                                   text8        0001F6
__ptext9                                   text9        00092C
__ramtop                                   ramtop       000E00
__size_of_BAD_de_gozaru                    (abs)        000000
__size_of_DS_LEFT_UD_signed_VALUE          (abs)        000000
__size_of_GOOD_de_gozaru                   (abs)        000000
__size_of_SPI_begin                        (abs)        000000
__size_of_SPI_transfer                     (abs)        000000
__size_of_Serial1_begin                    (abs)        000000
__size_of_Serial1_read                     (abs)        000000
__size_of_TIMER0_16bit_set_count           (abs)        000000
__size_of_TIMER0_setup                     (abs)        000000
__size_of_TIMER1_set_count                 (abs)        000000
__size_of_TIMER1_setup                     (abs)        000000
__size_of_always_de_gozaru                 (abs)        000000
__size_of_bit_test                         (abs)        000000
__size_of_enable_interrupts                (abs)        000000
__size_of_main                             (abs)        000000
__size_of_make_s_driver_ver1_send_data     (abs)        000000
__size_of_output_LED5                      (abs)        000000
__size_of_pin_init                         (abs)        000000
__size_of_read_ds_dual_byte                (abs)        000000
__size_of_read_ds_dual_de_gozaru           (abs)        000000
__size_of_read_ds_dual_init                (abs)        000000
__size_of_s_driver1_set_value              (abs)        000000
__size_of_s_driver2_set_value              (abs)        000000
__size_of_s_driver3_set_value              (abs)        000000
__size_of_s_driver4_set_value              (abs)        000000
__size_of_spi_init                         (abs)        000000
__size_of_wood_isr                         (abs)        000000
__size_ofi2_TIMER0_16bit_set_count         (abs)        000000
__size_ofi2_TIMER1_set_count               (abs)        000000
__smallconst                               smallconst   000000
_always_de_gozaru                          text9        00092C
_before_DS_data                            dataCOMRAM   00004B
_bit_test                                  text18       0007B8
_csv_data                                  bssCOMRAM    000023
_data                                      bssBANK0     000060
_enable_interrupts                         text4        0003EC
_main                                      text0        000784
_make_s_driver_ver1_send_data              text17       0006B6
_output_LED5                               text16       0004D8
_pin_init                                  text21       0002F4
_push_DS_data                              bssCOMRAM    00002F
_read_ds_dual_byte                         text27       00055C
_read_ds_dual_de_gozaru                    text8        0001F6
_read_ds_dual_init                         text3        0006FE
_s_driver1_set_value                       text14       000886
_s_driver2_set_value                       text13       000860
_s_driver3_set_value                       text12       00083A
_s_driver4_set_value                       text11       000814
_sinyounai_DS_data                         bssCOMRAM    00000E
_spi_init                                  text1        0007E8
_wood_isr                                  intcode      000008
bit_test@bit_place                         cstackBANK0  00006A
bit_test@i                                 cstackBANK0  00006E
bit_test@number                            cstackBANK0  00006D
btemp                                      temp         00004F
enable_interrupts@data                     cstackBANK0  00006A
end_of_initialization                      cinit        00077A
i2TIMER0_16bit_set_count@data              cstackCOMRAM 000037
i2TIMER1_set_count@data                    cstackCOMRAM 000037
i2_TIMER0_16bit_set_count                  text26       00090E
i2_TIMER1_set_count                        text25       000904
int$flags                                  temp         00004F
intlevel0                                  text         000000
intlevel1                                  text         000000
intlevel2                                  text         000000
intlevel3                                  text         000000
make_s_driver_ver1_send_data@mode          cstackBANK0  00006B
make_s_driver_ver1_send_data@pwm_value     cstackBANK0  00006A
output_LED5@num                            cstackBANK0  00006A
read_ds_dual_de_gozaru@check_sum           bssCOMRAM    000032
read_ds_dual_de_gozaru@first_communication dataCOMRAM   00004D
read_ds_dual_de_gozaru@mode                bssCOMRAM    000033
read_ds_dual_de_gozaru@read_number         bssCOMRAM    000034
s_driver1_set_value@temp                   cstackBANK0  00006B
s_driver1_set_value@value                  cstackBANK0  00006C
s_driver2_set_value@temp                   cstackBANK0  00006B
s_driver2_set_value@value                  cstackBANK0  00006C
s_driver3_set_value@temp                   cstackBANK0  00006B
s_driver3_set_value@value                  cstackBANK0  00006C
s_driver4_set_value@temp                   cstackBANK0  00006B
s_driver4_set_value@value                  cstackBANK0  00006C
stackhi                                    (abs)        000DE9
stacklo                                    (abs)        000071
start                                      init         0000D4
start_initialization                       cinit        000742
ten_bit_test@F17522                        bssCOMRAM    000020
ten_bit_test_unsignedint@F17526            bssCOMRAM    00001B
wtemp6                                     temp         000050


FUNCTION INFORMATION:

 *************** function _main *****************
 Defined at:
		line 42 in file "MELON PAN1_main.c"
 Parameters:    Size  Location     Type
		None
 Auto vars:     Size  Location     Type
		None
 Return value:  Size  Location     Type
                  1    wreg      void 
 Registers used:
		wreg, fsr1l, fsr1h, fsr2l, fsr2h, status,2, status,0, prodl, prodh, cstack
 Tracked objects:
		On entry : 
		On exit  : 
		Unchanged: 
 Data sizes:     COMRAM   BANK0   BANK1   BANK2   BANK3   BANK4   BANK5   BANK6   BANK7   BANK8   BANK9  BANK10  BANK11  BANK12  BANK13
      Params:         0       0       0       0       0       0       0       0       0       0       0       0       0       0       0
      Locals:         0       0       0       0       0       0       0       0       0       0       0       0       0       0       0
      Temps:          0       0       0       0       0       0       0       0       0       0       0       0       0       0       0
      Totals:         0       0       0       0       0       0       0       0       0       0       0       0       0       0       0
Total ram usage:        0 bytes
 Hardware stack levels required when called:    7
 This function calls:
		_TIMER1_set_count
		_TIMER1_setup
		_enable_interrupts
		_pin_init
		_read_ds_dual_de_gozaru
		_read_ds_dual_init
		_spi_init
 This function is called by:
		Startup code after reset
 This function uses a non-reentrant model


 *************** function _spi_init *****************
 Defined at:
		line 205 in file "pindef.h"
 Parameters:    Size  Location     Type
		None
 Auto vars:     Size  Location     Type
		None
 Return value:  Size  Location     Type
                  1    wreg      void 
 Registers used:
		wreg, status,2, status,0, cstack
 Tracked objects:
		On entry : 
		On exit  : 
		Unchanged: 
 Data sizes:     COMRAM   BANK0   BANK1   BANK2   BANK3   BANK4   BANK5   BANK6   BANK7   BANK8   BANK9  BANK10  BANK11  BANK12  BANK13
      Params:         0       0       0       0       0       0       0       0       0       0       0       0       0       0       0
      Locals:         0       0       0       0       0       0       0       0       0       0       0       0       0       0       0
      Temps:          0       0       0       0       0       0       0       0       0       0       0       0       0       0       0
      Totals:         0       0       0       0       0       0       0       0       0       0       0       0       0       0       0
Total ram usage:        0 bytes
 Hardware stack levels used:    1
 Hardware stack levels required when called:    4
 This function calls:
		_SPI_begin
 This function is called by:
		_main
 This function uses a non-reentrant model


 *************** function _SPI_begin *****************
 Defined at:
		line 383 in file "MELONPAN1_lib_ver1.20.h"
 Parameters:    Size  Location     Type
  data            2    0[BANK0 ] unsigned int 
 Auto vars:     Size  Location     Type
		None
 Return value:  Size  Location     Type
                  1    wreg      void 
 Registers used:
		wreg, status,2, status,0
 Tracked objects:
		On entry : 
		On exit  : 
		Unchanged: 
 Data sizes:     COMRAM   BANK0   BANK1   BANK2   BANK3   BANK4   BANK5   BANK6   BANK7   BANK8   BANK9  BANK10  BANK11  BANK12  BANK13
      Params:         0       2       0       0       0       0       0       0       0       0       0       0       0       0       0
      Locals:         0       0       0       0       0       0       0       0       0       0       0       0       0       0       0
      Temps:          0       0       0       0       0       0       0       0       0       0       0       0       0       0       0
      Totals:         0       2       0       0       0       0       0       0       0       0       0       0       0       0       0
Total ram usage:        2 bytes
 Hardware stack levels used:    1
 Hardware stack levels required when called:    3
 This function calls:
		Nothing
 This function is called by:
		_spi_init
 This function uses a non-reentrant model


 *************** function _read_ds_dual_init *****************
 Defined at:
		line 95 in file "ds_dual_wood.h"
 Parameters:    Size  Location     Type
		None
 Auto vars:     Size  Location     Type
		None
 Return value:  Size  Location     Type
                  1    wreg      void 
 Registers used:
		wreg, status,2, status,0, cstack
 Tracked objects:
		On entry : 
		On exit  : 
		Unchanged: 
 Data sizes:     COMRAM   BANK0   BANK1   BANK2   BANK3   BANK4   BANK5   BANK6   BANK7   BANK8   BANK9  BANK10  BANK11  BANK12  BANK13
      Params:         0       0       0       0       0       0       0       0       0       0       0       0       0       0       0
      Locals:         0       0       0       0       0       0       0       0       0       0       0       0       0       0       0
      Temps:          0       0       0       0       0       0       0       0       0       0       0       0       0       0       0
      Totals:         0       0       0       0       0       0       0       0       0       0       0       0       0       0       0
Total ram usage:        0 bytes
 Hardware stack levels used:    1
 Hardware stack levels required when called:    4
 This function calls:
		_Serial1_begin
		_TIMER0_16bit_set_count
		_TIMER0_setup
		_enable_interrupts
 This function is called by:
		_main
 This function uses a non-reentrant model


 *************** function _enable_interrupts *****************
 Defined at:
		line 911 in file "MELONPAN1_lib_ver1.20.h"
 Parameters:    Size  Location     Type
  data            1    wreg     unsigned char 
 Auto vars:     Size  Location     Type
  data            1    0[BANK0 ] unsigned char 
 Return value:  Size  Location     Type
                  1    wreg      void 
 Registers used:
		wreg, status,2, status,0
 Tracked objects:
		On entry : 
		On exit  : 
		Unchanged: 
 Data sizes:     COMRAM   BANK0   BANK1   BANK2   BANK3   BANK4   BANK5   BANK6   BANK7   BANK8   BANK9  BANK10  BANK11  BANK12  BANK13
      Params:         0       0       0       0       0       0       0       0       0       0       0       0       0       0       0
      Locals:         0       1       0       0       0       0       0       0       0       0       0       0       0       0       0
      Temps:          0       0       0       0       0       0       0       0       0       0       0       0       0       0       0
      Totals:         0       1       0       0       0       0       0       0       0       0       0       0       0       0       0
Total ram usage:        1 bytes
 Hardware stack levels used:    1
 Hardware stack levels required when called:    3
 This function calls:
		Nothing
 This function is called by:
		_read_ds_dual_init
		_main
 This function uses a non-reentrant model


 *************** function _TIMER0_setup *****************
 Defined at:
		line 708 in file "MELONPAN1_lib_ver1.20.h"
 Parameters:    Size  Location     Type
  data            2    0[BANK0 ] unsigned int 
 Auto vars:     Size  Location     Type
		None
 Return value:  Size  Location     Type
                  1    wreg      void 
 Registers used:
		wreg, status,2, status,0
 Tracked objects:
		On entry : 
		On exit  : 
		Unchanged: 
 Data sizes:     COMRAM   BANK0   BANK1   BANK2   BANK3   BANK4   BANK5   BANK6   BANK7   BANK8   BANK9  BANK10  BANK11  BANK12  BANK13
      Params:         0       2       0       0       0       0       0       0       0       0       0       0       0       0       0
      Locals:         0       0       0       0       0       0       0       0       0       0       0       0       0       0       0
      Temps:          0       0       0       0       0       0       0       0       0       0       0       0       0       0       0
      Totals:         0       2       0       0       0       0       0       0       0       0       0       0       0       0       0
Total ram usage:        2 bytes
 Hardware stack levels used:    1
 Hardware stack levels required when called:    3
 This function calls:
		Nothing
 This function is called by:
		_read_ds_dual_init
 This function uses a non-reentrant model


 *************** function _TIMER0_16bit_set_count *****************
 Defined at:
		line 721 in file "MELONPAN1_lib_ver1.20.h"
 Parameters:    Size  Location     Type
  data            2    0[BANK0 ] unsigned int 
 Auto vars:     Size  Location     Type
		None
 Return value:  Size  Location     Type
                  1    wreg      void 
 Registers used:
		wreg, status,2
 Tracked objects:
		On entry : 
		On exit  : 
		Unchanged: 
 Data sizes:     COMRAM   BANK0   BANK1   BANK2   BANK3   BANK4   BANK5   BANK6   BANK7   BANK8   BANK9  BANK10  BANK11  BANK12  BANK13
      Params:         0       2       0       0       0       0       0       0       0       0       0       0       0       0       0
      Locals:         0       0       0       0       0       0       0       0       0       0       0       0       0       0       0
      Temps:          0       0       0       0       0       0       0       0       0       0       0       0       0       0       0
      Totals:         0       2       0       0       0       0       0       0       0       0       0       0       0       0       0
Total ram usage:        2 bytes
 Hardware stack levels used:    1
 Hardware stack levels required when called:    3
 This function calls:
		Nothing
 This function is called by:
		_read_ds_dual_init
 This function uses a non-reentrant model


 *************** function _Serial1_begin *****************
 Defined at:
		line 458 in file "MELONPAN1_lib_ver1.20.h"
 Parameters:    Size  Location     Type
  speed           2    0[BANK0 ] unsigned int 
  data            1    2[BANK0 ] unsigned char 
 Auto vars:     Size  Location     Type
		None
 Return value:  Size  Location     Type
                  1    wreg      void 
 Registers used:
		wreg, status,2, status,0
 Tracked objects:
		On entry : 
		On exit  : 
		Unchanged: 
 Data sizes:     COMRAM   BANK0   BANK1   BANK2   BANK3   BANK4   BANK5   BANK6   BANK7   BANK8   BANK9  BANK10  BANK11  BANK12  BANK13
      Params:         0       3       0       0       0       0       0       0       0       0       0       0       0       0       0
      Locals:         0       0       0       0       0       0       0       0       0       0       0       0       0       0       0
      Temps:          0       0       0       0       0       0       0       0       0       0       0       0       0       0       0
      Totals:         0       3       0       0       0       0       0       0       0       0       0       0       0       0       0
Total ram usage:        3 bytes
 Hardware stack levels used:    1
 Hardware stack levels required when called:    3
 This function calls:
		Nothing
 This function is called by:
		_read_ds_dual_init
 This function uses a non-reentrant model


 *************** function _read_ds_dual_de_gozaru *****************
 Defined at:
		line 130 in file "ds_dual_wood.h"
 Parameters:    Size  Location     Type
		None
 Auto vars:     Size  Location     Type
		None
 Return value:  Size  Location     Type
                  1    wreg      void 
 Registers used:
		wreg, fsr1l, fsr1h, fsr2l, fsr2h, status,2, status,0, prodl, prodh, cstack
 Tracked objects:
		On entry : 
		On exit  : 
		Unchanged: 
 Data sizes:     COMRAM   BANK0   BANK1   BANK2   BANK3   BANK4   BANK5   BANK6   BANK7   BANK8   BANK9  BANK10  BANK11  BANK12  BANK13
      Params:         0       0       0       0       0       0       0       0       0       0       0       0       0       0       0
      Locals:         0       0       0       0       0       0       0       0       0       0       0       0       0       0       0
      Temps:          0       1       0       0       0       0       0       0       0       0       0       0       0       0       0
      Totals:         0       1       0       0       0       0       0       0       0       0       0       0       0       0       0
Total ram usage:        1 bytes
 Hardware stack levels used:    1
 Hardware stack levels required when called:    6
 This function calls:
		_BAD_de_gozaru
		_GOOD_de_gozaru
		_always_de_gozaru
 This function is called by:
		_main
 This function uses a non-reentrant model


 *************** function _always_de_gozaru *****************
 Defined at:
		line 110 in file "MELON PAN1_main.c"
 Parameters:    Size  Location     Type
		None
 Auto vars:     Size  Location     Type
		None
 Return value:  Size  Location     Type
                  1    wreg      void 
 Registers used:
		None
 Tracked objects:
		On entry : 
		On exit  : 
		Unchanged: 
 Data sizes:     COMRAM   BANK0   BANK1   BANK2   BANK3   BANK4   BANK5   BANK6   BANK7   BANK8   BANK9  BANK10  BANK11  BANK12  BANK13
      Params:         0       0       0       0       0       0       0       0       0       0       0       0       0       0       0
      Locals:         0       0       0       0       0       0       0       0       0       0       0       0       0       0       0
      Temps:          0       0       0       0       0       0       0       0       0       0       0       0       0       0       0
      Totals:         0       0       0       0       0       0       0       0       0       0       0       0       0       0       0
Total ram usage:        0 bytes
 Hardware stack levels used:    1
 Hardware stack levels required when called:    3
 This function calls:
		Nothing
 This function is called by:
		_read_ds_dual_de_gozaru
 This function uses a non-reentrant model


 *************** function _GOOD_de_gozaru *****************
 Defined at:
		line 71 in file "MELON PAN1_main.c"
 Parameters:    Size  Location     Type
		None
 Auto vars:     Size  Location     Type
		None
 Return value:  Size  Location     Type
                  1    wreg      void 
 Registers used:
		wreg, status,2, status,0, cstack
 Tracked objects:
		On entry : 
		On exit  : 
		Unchanged: 
 Data sizes:     COMRAM   BANK0   BANK1   BANK2   BANK3   BANK4   BANK5   BANK6   BANK7   BANK8   BANK9  BANK10  BANK11  BANK12  BANK13
      Params:         0       0       0       0       0       0       0       0       0       0       0       0       0       0       0
      Locals:         0       0       0       0       0       0       0       0       0       0       0       0       0       0       0
      Temps:          0       1       0       0       0       0       0       0       0       0       0       0       0       0       0
      Totals:         0       1       0       0       0       0       0       0       0       0       0       0       0       0       0
Total ram usage:        1 bytes
 Hardware stack levels used:    1
 Hardware stack levels required when called:    5
 This function calls:
		_DS_LEFT_UD_signed_VALUE
		_bit_test
		_make_s_driver_ver1_send_data
		_output_LED5
		_s_driver1_set_value
		_s_driver2_set_value
		_s_driver3_set_value
		_s_driver4_set_value
 This function is called by:
		_read_ds_dual_de_gozaru
 This function uses a non-reentrant model


 *************** function _s_driver4_set_value *****************
 Defined at:
		line 285 in file "pindef.h"
 Parameters:    Size  Location     Type
  value           1    wreg     unsigned char 
 Auto vars:     Size  Location     Type
  value           1    2[BANK0 ] unsigned char 
  temp            1    1[BANK0 ] unsigned char 
 Return value:  Size  Location     Type
                  1    wreg      unsigned char 
 Registers used:
		wreg, status,2, cstack
 Tracked objects:
		On entry : 
		On exit  : 
		Unchanged: 
 Data sizes:     COMRAM   BANK0   BANK1   BANK2   BANK3   BANK4   BANK5   BANK6   BANK7   BANK8   BANK9  BANK10  BANK11  BANK12  BANK13
      Params:         0       0       0       0       0       0       0       0       0       0       0       0       0       0       0
      Locals:         0       2       0       0       0       0       0       0       0       0       0       0       0       0       0
      Temps:          0       0       0       0       0       0       0       0       0       0       0       0       0       0       0
      Totals:         0       2       0       0       0       0       0       0       0       0       0       0       0       0       0
Total ram usage:        2 bytes
 Hardware stack levels used:    1
 Hardware stack levels required when called:    4
 This function calls:
		_SPI_transfer
 This function is called by:
		_GOOD_de_gozaru
 This function uses a non-reentrant model


 *************** function _s_driver3_set_value *****************
 Defined at:
		line 275 in file "pindef.h"
 Parameters:    Size  Location     Type
  value           1    wreg     unsigned char 
 Auto vars:     Size  Location     Type
  value           1    2[BANK0 ] unsigned char 
  temp            1    1[BANK0 ] unsigned char 
 Return value:  Size  Location     Type
                  1    wreg      unsigned char 
 Registers used:
		wreg, status,2, cstack
 Tracked objects:
		On entry : 
		On exit  : 
		Unchanged: 
 Data sizes:     COMRAM   BANK0   BANK1   BANK2   BANK3   BANK4   BANK5   BANK6   BANK7   BANK8   BANK9  BANK10  BANK11  BANK12  BANK13
      Params:         0       0       0       0       0       0       0       0       0       0       0       0       0       0       0
      Locals:         0       2       0       0       0       0       0       0       0       0       0       0       0       0       0
      Temps:          0       0       0       0       0       0       0       0       0       0       0       0       0       0       0
      Totals:         0       2       0       0       0       0       0       0       0       0       0       0       0       0       0
Total ram usage:        2 bytes
 Hardware stack levels used:    1
 Hardware stack levels required when called:    4
 This function calls:
		_SPI_transfer
 This function is called by:
		_GOOD_de_gozaru
 This function uses a non-reentrant model


 *************** function _s_driver2_set_value *****************
 Defined at:
		line 265 in file "pindef.h"
 Parameters:    Size  Location     Type
  value           1    wreg     unsigned char 
 Auto vars:     Size  Location     Type
  value           1    2[BANK0 ] unsigned char 
  temp            1    1[BANK0 ] unsigned char 
 Return value:  Size  Location     Type
                  1    wreg      unsigned char 
 Registers used:
		wreg, status,2, cstack
 Tracked objects:
		On entry : 
		On exit  : 
		Unchanged: 
 Data sizes:     COMRAM   BANK0   BANK1   BANK2   BANK3   BANK4   BANK5   BANK6   BANK7   BANK8   BANK9  BANK10  BANK11  BANK12  BANK13
      Params:         0       0       0       0       0       0       0       0       0       0       0       0       0       0       0
      Locals:         0       2       0       0       0       0       0       0       0       0       0       0       0       0       0
      Temps:          0       0       0       0       0       0       0       0       0       0       0       0       0       0       0
      Totals:         0       2       0       0       0       0       0       0       0       0       0       0       0       0       0
Total ram usage:        2 bytes
 Hardware stack levels used:    1
 Hardware stack levels required when called:    4
 This function calls:
		_SPI_transfer
 This function is called by:
		_GOOD_de_gozaru
 This function uses a non-reentrant model


 *************** function _s_driver1_set_value *****************
 Defined at:
		line 255 in file "pindef.h"
 Parameters:    Size  Location     Type
  value           1    wreg     unsigned char 
 Auto vars:     Size  Location     Type
  value           1    2[BANK0 ] unsigned char 
  temp            1    1[BANK0 ] unsigned char 
 Return value:  Size  Location     Type
                  1    wreg      unsigned char 
 Registers used:
		wreg, status,2, cstack
 Tracked objects:
		On entry : 
		On exit  : 
		Unchanged: 
 Data sizes:     COMRAM   BANK0   BANK1   BANK2   BANK3   BANK4   BANK5   BANK6   BANK7   BANK8   BANK9  BANK10  BANK11  BANK12  BANK13
      Params:         0       0       0       0       0       0       0       0       0       0       0       0       0       0       0
      Locals:         0       2       0       0       0       0       0       0       0       0       0       0       0       0       0
      Temps:          0       0       0       0       0       0       0       0       0       0       0       0       0       0       0
      Totals:         0       2       0       0       0       0       0       0       0       0       0       0       0       0       0
Total ram usage:        2 bytes
 Hardware stack levels used:    1
 Hardware stack levels required when called:    4
 This function calls:
		_SPI_transfer
 This function is called by:
		_GOOD_de_gozaru
 This function uses a non-reentrant model


 *************** function _SPI_transfer *****************
 Defined at:
		line 392 in file "MELONPAN1_lib_ver1.20.h"
 Parameters:    Size  Location     Type
  send_data       1    wreg     unsigned char 
 Auto vars:     Size  Location     Type
  send_data       1    0[BANK0 ] unsigned char 
 Return value:  Size  Location     Type
                  1    wreg      unsigned char 
 Registers used:
		wreg, status,2
 Tracked objects:
		On entry : 
		On exit  : 
		Unchanged: 
 Data sizes:     COMRAM   BANK0   BANK1   BANK2   BANK3   BANK4   BANK5   BANK6   BANK7   BANK8   BANK9  BANK10  BANK11  BANK12  BANK13
      Params:         0       0       0       0       0       0       0       0       0       0       0       0       0       0       0
      Locals:         0       1       0       0       0       0       0       0       0       0       0       0       0       0       0
      Temps:          0       0       0       0       0       0       0       0       0       0       0       0       0       0       0
      Totals:         0       1       0       0       0       0       0       0       0       0       0       0       0       0       0
Total ram usage:        1 bytes
 Hardware stack levels used:    1
 Hardware stack levels required when called:    3
 This function calls:
		Nothing
 This function is called by:
		_s_driver1_set_value
		_s_driver2_set_value
		_s_driver3_set_value
		_s_driver4_set_value
		_s_driver5_set_value
		_s_driver6_set_value
		_s_driver7_set_value
		_s_driver8_set_value
		_s_driver9_set_value
		_s_driver10_set_value
		_s_driver11_set_value
		_s_driver12_set_value
		_s_driver13_set_value
		_s_driver14_set_value
 This function uses a non-reentrant model


 *************** function _output_LED5 *****************
 Defined at:
		line 151 in file "pindef.h"
 Parameters:    Size  Location     Type
  num             1    wreg     unsigned char 
 Auto vars:     Size  Location     Type
  num             1    0[BANK0 ] unsigned char 
 Return value:  Size  Location     Type
                  1    wreg      void 
 Registers used:
		wreg, status,2, status,0
 Tracked objects:
		On entry : 
		On exit  : 
		Unchanged: 
 Data sizes:     COMRAM   BANK0   BANK1   BANK2   BANK3   BANK4   BANK5   BANK6   BANK7   BANK8   BANK9  BANK10  BANK11  BANK12  BANK13
      Params:         0       0       0       0       0       0       0       0       0       0       0       0       0       0       0
      Locals:         0       1       0       0       0       0       0       0       0       0       0       0       0       0       0
      Temps:          0       0       0       0       0       0       0       0       0       0       0       0       0       0       0
      Totals:         0       1       0       0       0       0       0       0       0       0       0       0       0       0       0
Total ram usage:        1 bytes
 Hardware stack levels used:    1
 Hardware stack levels required when called:    3
 This function calls:
		Nothing
 This function is called by:
		_GOOD_de_gozaru
 This function uses a non-reentrant model


 *************** function _make_s_driver_ver1_send_data *****************
 Defined at:
		line 223 in file "pindef.h"
 Parameters:    Size  Location     Type
  mode            1    wreg     unsigned char 
  pwm_value       1    0[BANK0 ] unsigned char 
 Auto vars:     Size  Location     Type
  mode            1    1[BANK0 ] unsigned char 
 Return value:  Size  Location     Type
                  1    wreg      unsigned char 
 Registers used:
		wreg, status,2, status,0
 Tracked objects:
		On entry : 
		On exit  : 
		Unchanged: 
 Data sizes:     COMRAM   BANK0   BANK1   BANK2   BANK3   BANK4   BANK5   BANK6   BANK7   BANK8   BANK9  BANK10  BANK11  BANK12  BANK13
      Params:         0       1       0       0       0       0       0       0       0       0       0       0       0       0       0
      Locals:         0       1       0       0       0       0       0       0       0       0       0       0       0       0       0
      Temps:          0       0       0       0       0       0       0       0       0       0       0       0       0       0       0
      Totals:         0       2       0       0       0       0       0       0       0       0       0       0       0       0       0
Total ram usage:        2 bytes
 Hardware stack levels used:    1
 Hardware stack levels required when called:    3
 This function calls:
		Nothing
 This function is called by:
		_GOOD_de_gozaru
 This function uses a non-reentrant model


 *************** function _bit_test *****************
 Defined at:
		line 1191 in file "MELONPAN1_lib_ver1.20.h"
 Parameters:    Size  Location     Type
  number          1    wreg     unsigned char 
  bit_place       1    0[BANK0 ] unsigned char 
 Auto vars:     Size  Location     Type
  number          1    3[BANK0 ] unsigned char 
  i               1    4[BANK0 ] unsigned char 
 Return value:  Size  Location     Type
                  1    wreg      unsigned char 
 Registers used:
		wreg, status,2, status,0
 Tracked objects:
		On entry : 
		On exit  : 
		Unchanged: 
 Data sizes:     COMRAM   BANK0   BANK1   BANK2   BANK3   BANK4   BANK5   BANK6   BANK7   BANK8   BANK9  BANK10  BANK11  BANK12  BANK13
      Params:         0       1       0       0       0       0       0       0       0       0       0       0       0       0       0
      Locals:         0       2       0       0       0       0       0       0       0       0       0       0       0       0       0
      Temps:          0       2       0       0       0       0       0       0       0       0       0       0       0       0       0
      Totals:         0       5       0       0       0       0       0       0       0       0       0       0       0       0       0
Total ram usage:        5 bytes
 Hardware stack levels used:    1
 Hardware stack levels required when called:    3
 This function calls:
		Nothing
 This function is called by:
		_GOOD_de_gozaru
		_bit_clear
 This function uses a non-reentrant model


 *************** function _DS_LEFT_UD_signed_VALUE *****************
 Defined at:
		line 263 in file "ds_dual_wood.h"
 Parameters:    Size  Location     Type
		None
 Auto vars:     Size  Location     Type
		None
 Return value:  Size  Location     Type
                  2    0[BANK0 ] int 
 Registers used:
		wreg, status,2, status,0
 Tracked objects:
		On entry : 
		On exit  : 
		Unchanged: 
 Data sizes:     COMRAM   BANK0   BANK1   BANK2   BANK3   BANK4   BANK5   BANK6   BANK7   BANK8   BANK9  BANK10  BANK11  BANK12  BANK13
      Params:         0       2       0       0       0       0       0       0       0       0       0       0       0       0       0
      Locals:         0       0       0       0       0       0       0       0       0       0       0       0       0       0       0
      Temps:          0       2       0       0       0       0       0       0       0       0       0       0       0       0       0
      Totals:         0       4       0       0       0       0       0       0       0       0       0       0       0       0       0
Total ram usage:        4 bytes
 Hardware stack levels used:    1
 Hardware stack levels required when called:    3
 This function calls:
		Nothing
 This function is called by:
		_GOOD_de_gozaru
		_DS_LEFT_DISTANCE_VALUE
 This function uses a non-reentrant model


 *************** function _BAD_de_gozaru *****************
 Defined at:
		line 105 in file "MELON PAN1_main.c"
 Parameters:    Size  Location     Type
		None
 Auto vars:     Size  Location     Type
		None
 Return value:  Size  Location     Type
                  1    wreg      void 
 Registers used:
		None
 Tracked objects:
		On entry : 
		On exit  : 
		Unchanged: 
 Data sizes:     COMRAM   BANK0   BANK1   BANK2   BANK3   BANK4   BANK5   BANK6   BANK7   BANK8   BANK9  BANK10  BANK11  BANK12  BANK13
      Params:         0       0       0       0       0       0       0       0       0       0       0       0       0       0       0
      Locals:         0       0       0       0       0       0       0       0       0       0       0       0       0       0       0
      Temps:          0       0       0       0       0       0       0       0       0       0       0       0       0       0       0
      Totals:         0       0       0       0       0       0       0       0       0       0       0       0       0       0       0
Total ram usage:        0 bytes
 Hardware stack levels used:    1
 Hardware stack levels required when called:    3
 This function calls:
		Nothing
 This function is called by:
		_read_ds_dual_de_gozaru
 This function uses a non-reentrant model


 *************** function _pin_init *****************
 Defined at:
		line 75 in file "pindef.h"
 Parameters:    Size  Location     Type
		None
 Auto vars:     Size  Location     Type
		None
 Return value:  Size  Location     Type
                  1    wreg      void 
 Registers used:
		wreg, status,2
 Tracked objects:
		On entry : 
		On exit  : 
		Unchanged: 
 Data sizes:     COMRAM   BANK0   BANK1   BANK2   BANK3   BANK4   BANK5   BANK6   BANK7   BANK8   BANK9  BANK10  BANK11  BANK12  BANK13
      Params:         0       0       0       0       0       0       0       0       0       0       0       0       0       0       0
      Locals:         0       0       0       0       0       0       0       0       0       0       0       0       0       0       0
      Temps:          0       0       0       0       0       0       0       0       0       0       0       0       0       0       0
      Totals:         0       0       0       0       0       0       0       0       0       0       0       0       0       0       0
Total ram usage:        0 bytes
 Hardware stack levels used:    1
 Hardware stack levels required when called:    3
 This function calls:
		Nothing
 This function is called by:
		_main
 This function uses a non-reentrant model


 *************** function _TIMER1_setup *****************
 Defined at:
		line 735 in file "MELONPAN1_lib_ver1.20.h"
 Parameters:    Size  Location     Type
  data            2    0[BANK0 ] unsigned int 
 Auto vars:     Size  Location     Type
		None
 Return value:  Size  Location     Type
                  1    wreg      void 
 Registers used:
		wreg, status,2, status,0
 Tracked objects:
		On entry : 
		On exit  : 
		Unchanged: 
 Data sizes:     COMRAM   BANK0   BANK1   BANK2   BANK3   BANK4   BANK5   BANK6   BANK7   BANK8   BANK9  BANK10  BANK11  BANK12  BANK13
      Params:         0       2       0       0       0       0       0       0       0       0       0       0       0       0       0
      Locals:         0       0       0       0       0       0       0       0       0       0       0       0       0       0       0
      Temps:          0       0       0       0       0       0       0       0       0       0       0       0       0       0       0
      Totals:         0       2       0       0       0       0       0       0       0       0       0       0       0       0       0
Total ram usage:        2 bytes
 Hardware stack levels used:    1
 Hardware stack levels required when called:    3
 This function calls:
		Nothing
 This function is called by:
		_main
 This function uses a non-reentrant model


 *************** function _TIMER1_set_count *****************
 Defined at:
		line 745 in file "MELONPAN1_lib_ver1.20.h"
 Parameters:    Size  Location     Type
  data            2    0[BANK0 ] unsigned int 
 Auto vars:     Size  Location     Type
		None
 Return value:  Size  Location     Type
                  1    wreg      void 
 Registers used:
		wreg, status,2
 Tracked objects:
		On entry : 
		On exit  : 
		Unchanged: 
 Data sizes:     COMRAM   BANK0   BANK1   BANK2   BANK3   BANK4   BANK5   BANK6   BANK7   BANK8   BANK9  BANK10  BANK11  BANK12  BANK13
      Params:         0       2       0       0       0       0       0       0       0       0       0       0       0       0       0
      Locals:         0       0       0       0       0       0       0       0       0       0       0       0       0       0       0
      Temps:          0       0       0       0       0       0       0       0       0       0       0       0       0       0       0
      Totals:         0       2       0       0       0       0       0       0       0       0       0       0       0       0       0
Total ram usage:        2 bytes
 Hardware stack levels used:    1
 Hardware stack levels required when called:    3
 This function calls:
		Nothing
 This function is called by:
		_main
 This function uses a non-reentrant model


 *************** function _wood_isr *****************
 Defined at:
		line 16 in file "MELON PAN1_main.c"
 Parameters:    Size  Location     Type
		None
 Auto vars:     Size  Location     Type
		None
 Return value:  Size  Location     Type
                  1    wreg      void 
 Registers used:
		wreg, fsr2l, fsr2h, status,2, status,0, prodl, prodh, cstack
 Tracked objects:
		On entry : 
		On exit  : 
		Unchanged: 
 Data sizes:     COMRAM   BANK0   BANK1   BANK2   BANK3   BANK4   BANK5   BANK6   BANK7   BANK8   BANK9  BANK10  BANK11  BANK12  BANK13
      Params:         0       0       0       0       0       0       0       0       0       0       0       0       0       0       0
      Locals:         0       0       0       0       0       0       0       0       0       0       0       0       0       0       0
      Temps:         18       0       0       0       0       0       0       0       0       0       0       0       0       0       0
      Totals:        18       0       0       0       0       0       0       0       0       0       0       0       0       0       0
Total ram usage:       18 bytes
 Hardware stack levels used:    1
 Hardware stack levels required when called:    2
 This function calls:
		_read_ds_dual_byte
		i2_TIMER0_16bit_set_count
		i2_TIMER1_set_count
 This function is called by:
		Interrupt level 2
 This function uses a non-reentrant model


 *************** function i2_TIMER1_set_count *****************
 Defined at:
		line 745 in file "MELONPAN1_lib_ver1.20.h"
 Parameters:    Size  Location     Type
  data            2    0[COMRAM] unsigned int 
 Auto vars:     Size  Location     Type
		None
 Return value:  Size  Location     Type
                  1    wreg      void 
 Registers used:
		wreg, status,2
 Tracked objects:
		On entry : 
		On exit  : 
		Unchanged: 
 Data sizes:     COMRAM   BANK0   BANK1   BANK2   BANK3   BANK4   BANK5   BANK6   BANK7   BANK8   BANK9  BANK10  BANK11  BANK12  BANK13
      Params:         2       0       0       0       0       0       0       0       0       0       0       0       0       0       0
      Locals:         0       0       0       0       0       0       0       0       0       0       0       0       0       0       0
      Temps:          0       0       0       0       0       0       0       0       0       0       0       0       0       0       0
      Totals:         2       0       0       0       0       0       0       0       0       0       0       0       0       0       0
Total ram usage:        2 bytes
 Hardware stack levels used:    1
 This function calls:
		Nothing
 This function is called by:
		_wood_isr
 This function uses a non-reentrant model


 *************** function i2_TIMER0_16bit_set_count *****************
 Defined at:
		line 721 in file "MELONPAN1_lib_ver1.20.h"
 Parameters:    Size  Location     Type
  data            2    0[COMRAM] unsigned int 
 Auto vars:     Size  Location     Type
		None
 Return value:  Size  Location     Type
                  1    wreg      void 
 Registers used:
		wreg, status,2
 Tracked objects:
		On entry : 
		On exit  : 
		Unchanged: 
 Data sizes:     COMRAM   BANK0   BANK1   BANK2   BANK3   BANK4   BANK5   BANK6   BANK7   BANK8   BANK9  BANK10  BANK11  BANK12  BANK13
      Params:         2       0       0       0       0       0       0       0       0       0       0       0       0       0       0
      Locals:         0       0       0       0       0       0       0       0       0       0       0       0       0       0       0
      Temps:          0       0       0       0       0       0       0       0       0       0       0       0       0       0       0
      Totals:         2       0       0       0       0       0       0       0       0       0       0       0       0       0       0
Total ram usage:        2 bytes
 Hardware stack levels used:    1
 This function calls:
		Nothing
 This function is called by:
		_wood_isr
 This function uses a non-reentrant model


 *************** function _read_ds_dual_byte *****************
 Defined at:
		line 112 in file "ds_dual_wood.h"
 Parameters:    Size  Location     Type
		None
 Auto vars:     Size  Location     Type
		None
 Return value:  Size  Location     Type
                  1    wreg      void 
 Registers used:
		wreg, fsr2l, fsr2h, status,2, status,0, prodl, prodh, cstack
 Tracked objects:
		On entry : 
		On exit  : 
		Unchanged: 
 Data sizes:     COMRAM   BANK0   BANK1   BANK2   BANK3   BANK4   BANK5   BANK6   BANK7   BANK8   BANK9  BANK10  BANK11  BANK12  BANK13
      Params:         0       0       0       0       0       0       0       0       0       0       0       0       0       0       0
      Locals:         0       0       0       0       0       0       0       0       0       0       0       0       0       0       0
      Temps:          1       0       0       0       0       0       0       0       0       0       0       0       0       0       0
      Totals:         1       0       0       0       0       0       0       0       0       0       0       0       0       0       0
Total ram usage:        1 bytes
 Hardware stack levels used:    1
 Hardware stack levels required when called:    1
 This function calls:
		_Serial1_read
 This function is called by:
		_wood_isr
 This function uses a non-reentrant model


 *************** function _Serial1_read *****************
 Defined at:
		line 490 in file "MELONPAN1_lib_ver1.20.h"
 Parameters:    Size  Location     Type
		None
 Auto vars:     Size  Location     Type
		None
 Return value:  Size  Location     Type
                  1    wreg      unsigned char 
 Registers used:
		wreg, status,2
 Tracked objects:
		On entry : 
		On exit  : 
		Unchanged: 
 Data sizes:     COMRAM   BANK0   BANK1   BANK2   BANK3   BANK4   BANK5   BANK6   BANK7   BANK8   BANK9  BANK10  BANK11  BANK12  BANK13
      Params:         0       0       0       0       0       0       0       0       0       0       0       0       0       0       0
      Locals:         0       0       0       0       0       0       0       0       0       0       0       0       0       0       0
      Temps:          0       0       0       0       0       0       0       0       0       0       0       0       0       0       0
      Totals:         0       0       0       0       0       0       0       0       0       0       0       0       0       0       0
Total ram usage:        0 bytes
 Hardware stack levels used:    1
 This function calls:
		Nothing
 This function is called by:
		_read_ds_dual_byte
 This function uses a non-reentrant model



MODULE INFORMATION

Module		Function		Class		Link	Load	Size
ds_dual_wood.h
		_read_ds_dual_de_gozaru		CODE           	01F6	0000	255
		_DS_LEFT_UD_signed_VALUE		CODE           	0652	0000	101
		_read_ds_dual_byte		CODE           	055C	0000	125
		_read_ds_dual_init		CODE           	06FE	0000	69

ds_dual_wood.h estimated size: 550

pindef.h
		_make_s_driver_ver1_send_data		CODE           	06B6	0000	73
		_spi_init      		CODE           	07E8	0000	45
		_pin_init      		CODE           	02F4	0000	249
		_s_driver1_set_value		CODE           	0886	0000	39
		_s_driver2_set_value		CODE           	0860	0000	39
		_s_driver3_set_value		CODE           	083A	0000	39
		_s_driver4_set_value		CODE           	0814	0000	39
		_output_LED5   		CODE           	04D8	0000	133

pindef.h estimated size: 656

shared
		i2_TIMER0_16bit_set_count		CODE           	090E	0000	11
		__initialization		CODE           	0742	0000	57
		i2_TIMER1_set_count		CODE           	0904	0000	11

shared estimated size: 79

MELONPAN1_lib_ver1.20.h
		_TIMER1_setup  		CODE           	08BE	0000	19
		_enable_interrupts		CODE           	03EC	0000	237
		_TIMER1_set_count		CODE           	08F8	0000	13
		_bit_test      		CODE           	07B8	0000	49
		_SPI_begin     		CODE           	08D0	0000	15
		_Serial1_read  		CODE           	0918	0000	11
		_TIMER0_16bit_set_count		CODE           	08EC	0000	13
		_Serial1_begin 		CODE           	05D8	0000	123
		_TIMER0_setup  		CODE           	08DE	0000	15
		_SPI_transfer  		CODE           	08AC	0000	19

MELONPAN1_lib_ver1.20.h estimated size: 514

MELON PAN1_main.c
		_main          		CODE           	0784	0000	53
		_GOOD_de_gozaru		CODE           	00D8	0000	287
		_wood_isr      		CODE           	0008	0000	205
		_BAD_de_gozaru 		CODE           	0922	0000	7
		_always_de_gozaru		CODE           	092C	0000	3

MELON PAN1_main.c estimated size: 555

